C:\Users\laksh\OneDrive\Documents\veltech-event-portal (final)\src\main\java\com\veltech\portal\repository\RegistrationRepository.java
C:\Users\laksh\OneDrive\Documents\veltech-event-portal (final)\src\main\java\com\veltech\portal\controller\EventController.java
C:\Users\laksh\OneDrive\Documents\veltech-event-portal (final)\src\main\java\com\veltech\portal\repository\UserRepository.java
C:\Users\laksh\OneDrive\Documents\veltech-event-portal (final)\src\main\java\com\veltech\portal\controller\AuthController.java
C:\Users\laksh\OneDrive\Documents\veltech-event-portal (final)\src\main\java\com\veltech\portal\model\Event.java
C:\Users\laksh\OneDrive\Documents\veltech-event-portal (final)\src\main\java\com\veltech\portal\model\User.java
C:\Users\laksh\OneDrive\Documents\veltech-event-portal (final)\src\main\java\com\veltech\portal\VeltechPortalApplication.java
C:\Users\laksh\OneDrive\Documents\veltech-event-portal (final)\src\main\java\com\veltech\portal\config\SecurityConfig.java
C:\Users\laksh\OneDrive\Documents\veltech-event-portal (final)\src\main\java\com\veltech\portal\repository\EventRepository.java
C:\Users\laksh\OneDrive\Documents\veltech-event-portal (final)\src\main\java\com\veltech\portal\config\DataInitializer.java
C:\Users\laksh\OneDrive\Documents\veltech-event-portal (final)\src\main\java\com\veltech\portal\model\Registration.java
C:\Users\laksh\OneDrive\Documents\veltech-event-portal (final)\src\main\java\com\veltech\portal\service\EventService.java
C:\Users\laksh\OneDrive\Documents\veltech-event-portal (final)\src\main\java\com\veltech\portal\controller\RegistrationController.java
C:\Users\laksh\OneDrive\Documents\veltech-event-portal (final)\src\main\java\com\veltech\portal\service\RegistrationService.java
